 customer_id | first_name | last_name 
-------------+------------+-----------
           8 | SUSAN      | WILSON
         573 | BYRON      | BOX
(2 rows)
